/bin/sh: node: command not found
📡 Fetching pending notifications from server...
📋 Found 7 pending notifications
📤 Sending notification cmr4zmfnf00019y0128huq6f5...
📝 Message: 📝 New booking
💈 Barber: Мустафа
👤 Client: DB Notification Test
📞 Phone: +996700000000
✂️ Service: Стрижка
⏱️ Time: 16.07.2026 10:00
✅ Successfully sent notification cmr4zmfnf00019y0128huq6f5
📊 Telegram response: {
  ok: true,
  result: {
    message_id: 39,
    from: {
      id: 8743766733,
      is_bot: true,
      first_name: 'newbot',
      username: 'forBarber_bot'
    },
    chat: {
      id: 6611506415,
      first_name: 'Diyor',
      username: 'diyormahmudov111',
      type: 'private'
    },
    date: 1783089004,
    text: '📝 New booking\n' +
      '💈 Barber: Мустафа\n' +
      '👤 Client: DB Notification Test\n' +
      '📞 Phone: +996700000000\n' +
      '✂️ Service: Стрижка\n' +
      '⏱️ Time: 16.07.2026 10:00',
    entities: [ [Object] ]
  }
}
📤 Sending notification cmr4zpcpz00039y01m55dvv3d...
📝 Message: 📝 New booking
💈 Barber: Мустафа
👤 Client: hfsdf
📞 Phone: 234234
✂️ Service: Мужская стрижка, Укладка с мытьём головы
⏱️ Time: 18.04.2030 11:00
✅ Successfully sent notification cmr4zpcpz00039y01m55dvv3d
📊 Telegram response: {
  ok: true,
  result: {
    message_id: 40,
    from: {
      id: 8743766733,
      is_bot: true,
      first_name: 'newbot',
      username: 'forBarber_bot'
    },
    chat: {
      id: 6611506415,
      first_name: 'Diyor',
      username: 'diyormahmudov111',
      type: 'private'
    },
    date: 1783089004,
    text: '📝 New booking\n' +
      '💈 Barber: Мустафа\n' +
      '👤 Client: hfsdf\n' +
      '📞 Phone: 234234\n' +
      '✂️ Service: Мужская стрижка, Укладка с мытьём головы\n' +
      '⏱️ Time: 18.04.2030 11:00'
  }
}
📤 Sending notification cmr50q7ht00019y7sblkqge5q...
📝 Message: 📝 New booking
💈 Barber: Мустафа
👤 Client: Diyor
📞 Phone: 434
✂️ Service: Мужская стрижка, Глиняная маска
⏱️ Time: 18.04.2030 11:30
✅ Successfully sent notification cmr50q7ht00019y7sblkqge5q
📊 Telegram response: {
  ok: true,
  result: {
    message_id: 41,
    from: {
      id: 8743766733,
      is_bot: true,
      first_name: 'newbot',
      username: 'forBarber_bot'
    },
    chat: {
      id: 6611506415,
      first_name: 'Diyor',
      username: 'diyormahmudov111',
      type: 'private'
    },
    date: 1783089005,
    text: '📝 New booking\n' +
      '💈 Barber: Мустафа\n' +
      '👤 Client: Diyor\n' +
      '📞 Phone: 434\n' +
      '✂️ Service: Мужская стрижка, Глиняная маска\n' +
      '⏱️ Time: 18.04.2030 11:30'
  }
}
📤 Sending notification cmr50vahy00039y7sfnl3qrvs...
📝 Message: 📝 New booking
💈 Barber: Мустафа
👤 Client: Diyor
📞 Phone: 23423
✂️ Service: Мужская стрижка, Налысо
⏱️ Time: 18.04.2030 10:00
✅ Successfully sent notification cmr50vahy00039y7sfnl3qrvs
📊 Telegram response: {
  ok: true,
  result: {
    message_id: 42,
    from: {
      id: 8743766733,
      is_bot: true,
      first_name: 'newbot',
      username: 'forBarber_bot'
    },
    chat: {
      id: 6611506415,
      first_name: 'Diyor',
      username: 'diyormahmudov111',
      type: 'private'
    },
    date: 1783089005,
    text: '📝 New booking\n' +
      '💈 Barber: Мустафа\n' +
      '👤 Client: Diyor\n' +
      '📞 Phone: 23423\n' +
      '✂️ Service: Мужская стрижка, Налысо\n' +
      '⏱️ Time: 18.04.2030 10:00'
  }
}
📤 Sending notification cmr50z3g000059y7sq0o6w9u1...
📝 Message: 📝 New booking
💈 Barber: Мустафа
👤 Client: fsf
📞 Phone: 32424
✂️ Service: Мужская стрижка, Детская стрижка
⏱️ Time: 18.04.2030 20:30
✅ Successfully sent notification cmr50z3g000059y7sq0o6w9u1
📊 Telegram response: {
  ok: true,
  result: {
    message_id: 43,
    from: {
      id: 8743766733,
      is_bot: true,
      first_name: 'newbot',
      username: 'forBarber_bot'
    },
    chat: {
      id: 6611506415,
      first_name: 'Diyor',
      username: 'diyormahmudov111',
      type: 'private'
    },
    date: 1783089005,
    text: '📝 New booking\n' +
      '💈 Barber: Мустафа\n' +
      '👤 Client: fsf\n' +
      '📞 Phone: 32424\n' +
      '✂️ Service: Мужская стрижка, Детская стрижка\n' +
      '⏱️ Time: 18.04.2030 20:30'
  }
}
📤 Sending notification cmr511i9j00079y7sf02b2rer...
📝 Message: 📝 New booking
💈 Barber: Мустафа
👤 Client: Diyor
📞 Phone: 8401848
✂️ Service: Мужская стрижка, Студенческая стрижка
⏱️ Time: 31.07.2026 11:00
✅ Successfully sent notification cmr511i9j00079y7sf02b2rer
📊 Telegram response: {
  ok: true,
  result: {
    message_id: 44,
    from: {
      id: 8743766733,
      is_bot: true,
      first_name: 'newbot',
      username: 'forBarber_bot'
    },
    chat: {
      id: 6611506415,
      first_name: 'Diyor',
      username: 'diyormahmudov111',
      type: 'private'
    },
    date: 1783089005,
    text: '📝 New booking\n' +
      '💈 Barber: Мустафа\n' +
      '👤 Client: Diyor\n' +
      '📞 Phone: 8401848\n' +
      '✂️ Service: Мужская стрижка, Студенческая стрижка\n' +
      '⏱️ Time: 31.07.2026 11:00'
  }
}
📤 Sending notification cmr5138sk00099y7sar5f2ryb...
📝 Message: 📝 New booking
💈 Barber: Мустафа
👤 Client: qer
📞 Phone: 12323
✂️ Service: Чёрная маска + скраб, Тонирование бороды
⏱️ Time: 18.04.2030 12:00
✅ Successfully sent notification cmr5138sk00099y7sar5f2ryb
📊 Telegram response: {
  ok: true,
  result: {
    message_id: 45,
    from: {
      id: 8743766733,
      is_bot: true,
      first_name: 'newbot',
      username: 'forBarber_bot'
    },
    chat: {
      id: 6611506415,
      first_name: 'Diyor',
      username: 'diyormahmudov111',
      type: 'private'
    },
    date: 1783089006,
    text: '📝 New booking\n' +
      '💈 Barber: Мустафа\n' +
      '👤 Client: qer\n' +
      '📞 Phone: 12323\n' +
      '✂️ Service: Чёрная маска + скраб, Тонирование бороды\n' +
      '⏱️ Time: 18.04.2030 12:00'
  }
}
🔄 Marking notifications as sent on server...
📊 Server response: {
  total: 7,
  results: [
    { id: 'cmr4zmfnf00019y0128huq6f5', status: 'failed', message: '' },
    { id: 'cmr4zpcpz00039y01m55dvv3d', status: 'failed', message: '' },
    { id: 'cmr50q7ht00019y7sblkqge5q', status: 'failed', message: '' },
    { id: 'cmr50vahy00039y7sfnl3qrvs', status: 'failed', message: '' },
    { id: 'cmr50z3g000059y7sq0o6w9u1', status: 'failed', message: '' },
    { id: 'cmr511i9j00079y7sf02b2rer', status: 'failed', message: '' },
    { id: 'cmr5138sk00099y7sar5f2ryb', status: 'failed', message: '' }
  ]
}
✅ All notifications processed
📡 Fetching pending notifications from server...
📋 Found 2 pending notifications
📤 Sending notification cmr518boo00039ymdnvnon8nh...
✅ Successfully sent notification cmr518boo00039ymdnvnon8nh
📤 Sending notification cmr51bx8q00059ymdpug2xdz2...
✅ Successfully sent notification cmr51bx8q00059ymdpug2xdz2
🔄 Marking 2 notifications as sent on server...
📊 Server response: [
  {
    id: 'cmr518boo00039ymdnvnon8nh',
    status: 'sent',
    message: 'Marked as sent'
  },
  {
    id: 'cmr51bx8q00059ymdpug2xdz2',
    status: 'sent',
    message: 'Marked as sent'
  }
]
✅ All notifications processed
node:internal/modules/cjs/loader:1459
  throw err;
  ^

Error: Cannot find module '/Users/a111/Desktop/BarberFull/send-telegram-notifications.js'
    at Module._resolveFilename (node:internal/modules/cjs/loader:1456:15)
    at defaultResolveImpl (node:internal/modules/cjs/loader:1066:19)
    at resolveForCJSWithHooks (node:internal/modules/cjs/loader:1071:22)
    at Module._load (node:internal/modules/cjs/loader:1242:25)
    at wrapModuleLoad (node:internal/modules/cjs/loader:255:19)
    at Module.executeUserEntryPoint [as runMain] (node:internal/modules/run_main:154:5)
    at node:internal/main/run_main_module:33:47 {
  code: 'MODULE_NOT_FOUND',
  requireStack: []
}

Node.js v24.14.1
node:internal/modules/cjs/loader:1459
  throw err;
  ^

Error: Cannot find module '/Users/a111/Desktop/BarberFull/send-telegram-notifications.js'
    at Module._resolveFilename (node:internal/modules/cjs/loader:1456:15)
    at defaultResolveImpl (node:internal/modules/cjs/loader:1066:19)
    at resolveForCJSWithHooks (node:internal/modules/cjs/loader:1071:22)
    at Module._load (node:internal/modules/cjs/loader:1242:25)
    at wrapModuleLoad (node:internal/modules/cjs/loader:255:19)
    at Module.executeUserEntryPoint [as runMain] (node:internal/modules/run_main:154:5)
    at node:internal/main/run_main_module:33:47 {
  code: 'MODULE_NOT_FOUND',
  requireStack: []
}

Node.js v24.14.1
node:internal/modules/cjs/loader:1459
  throw err;
  ^

Error: Cannot find module '/Users/a111/Desktop/BarberFull/send-telegram-notifications.js'
    at Module._resolveFilename (node:internal/modules/cjs/loader:1456:15)
    at defaultResolveImpl (node:internal/modules/cjs/loader:1066:19)
    at resolveForCJSWithHooks (node:internal/modules/cjs/loader:1071:22)
    at Module._load (node:internal/modules/cjs/loader:1242:25)
    at wrapModuleLoad (node:internal/modules/cjs/loader:255:19)
    at Module.executeUserEntryPoint [as runMain] (node:internal/modules/run_main:154:5)
    at node:internal/main/run_main_module:33:47 {
  code: 'MODULE_NOT_FOUND',
  requireStack: []
}

Node.js v24.14.1
node:internal/modules/cjs/loader:1459
  throw err;
  ^

Error: Cannot find module '/Users/a111/Desktop/BarberFull/send-telegram-notifications.js'
    at Module._resolveFilename (node:internal/modules/cjs/loader:1456:15)
    at defaultResolveImpl (node:internal/modules/cjs/loader:1066:19)
    at resolveForCJSWithHooks (node:internal/modules/cjs/loader:1071:22)
    at Module._load (node:internal/modules/cjs/loader:1242:25)
    at wrapModuleLoad (node:internal/modules/cjs/loader:255:19)
    at Module.executeUserEntryPoint [as runMain] (node:internal/modules/run_main:154:5)
    at node:internal/main/run_main_module:33:47 {
  code: 'MODULE_NOT_FOUND',
  requireStack: []
}

Node.js v24.14.1
node:internal/modules/cjs/loader:1459
  throw err;
  ^

Error: Cannot find module '/Users/a111/Desktop/BarberFull/send-telegram-notifications.js'
    at Module._resolveFilename (node:internal/modules/cjs/loader:1456:15)
    at defaultResolveImpl (node:internal/modules/cjs/loader:1066:19)
    at resolveForCJSWithHooks (node:internal/modules/cjs/loader:1071:22)
    at Module._load (node:internal/modules/cjs/loader:1242:25)
    at wrapModuleLoad (node:internal/modules/cjs/loader:255:19)
    at Module.executeUserEntryPoint [as runMain] (node:internal/modules/run_main:154:5)
    at node:internal/main/run_main_module:33:47 {
  code: 'MODULE_NOT_FOUND',
  requireStack: []
}

Node.js v24.14.1
node:internal/modules/cjs/loader:1459
  throw err;
  ^

Error: Cannot find module '/Users/a111/Desktop/BarberFull/send-telegram-notifications.js'
    at Module._resolveFilename (node:internal/modules/cjs/loader:1456:15)
    at defaultResolveImpl (node:internal/modules/cjs/loader:1066:19)
    at resolveForCJSWithHooks (node:internal/modules/cjs/loader:1071:22)
    at Module._load (node:internal/modules/cjs/loader:1242:25)
    at wrapModuleLoad (node:internal/modules/cjs/loader:255:19)
    at Module.executeUserEntryPoint [as runMain] (node:internal/modules/run_main:154:5)
    at node:internal/main/run_main_module:33:47 {
  code: 'MODULE_NOT_FOUND',
  requireStack: []
}

Node.js v24.14.1
node:internal/modules/cjs/loader:1459
  throw err;
  ^

Error: Cannot find module '/Users/a111/Desktop/BarberFull/send-telegram-notifications.js'
    at Module._resolveFilename (node:internal/modules/cjs/loader:1456:15)
    at defaultResolveImpl (node:internal/modules/cjs/loader:1066:19)
    at resolveForCJSWithHooks (node:internal/modules/cjs/loader:1071:22)
    at Module._load (node:internal/modules/cjs/loader:1242:25)
    at wrapModuleLoad (node:internal/modules/cjs/loader:255:19)
    at Module.executeUserEntryPoint [as runMain] (node:internal/modules/run_main:154:5)
    at node:internal/main/run_main_module:33:47 {
  code: 'MODULE_NOT_FOUND',
  requireStack: []
}

Node.js v24.14.1
node:internal/modules/cjs/loader:1459
  throw err;
  ^

Error: Cannot find module '/Users/a111/Desktop/BarberFull/send-telegram-notifications.js'
    at Module._resolveFilename (node:internal/modules/cjs/loader:1456:15)
    at defaultResolveImpl (node:internal/modules/cjs/loader:1066:19)
    at resolveForCJSWithHooks (node:internal/modules/cjs/loader:1071:22)
    at Module._load (node:internal/modules/cjs/loader:1242:25)
    at wrapModuleLoad (node:internal/modules/cjs/loader:255:19)
    at Module.executeUserEntryPoint [as runMain] (node:internal/modules/run_main:154:5)
    at node:internal/main/run_main_module:33:47 {
  code: 'MODULE_NOT_FOUND',
  requireStack: []
}

Node.js v24.14.1
node:internal/modules/cjs/loader:1459
  throw err;
  ^

Error: Cannot find module '/Users/a111/Desktop/BarberFull/send-telegram-notifications.js'
    at Module._resolveFilename (node:internal/modules/cjs/loader:1456:15)
    at defaultResolveImpl (node:internal/modules/cjs/loader:1066:19)
    at resolveForCJSWithHooks (node:internal/modules/cjs/loader:1071:22)
    at Module._load (node:internal/modules/cjs/loader:1242:25)
    at wrapModuleLoad (node:internal/modules/cjs/loader:255:19)
    at Module.executeUserEntryPoint [as runMain] (node:internal/modules/run_main:154:5)
    at node:internal/main/run_main_module:33:47 {
  code: 'MODULE_NOT_FOUND',
  requireStack: []
}

Node.js v24.14.1
node:internal/modules/cjs/loader:1459
  throw err;
  ^

Error: Cannot find module '/Users/a111/Desktop/BarberFull/send-telegram-notifications.js'
    at Module._resolveFilename (node:internal/modules/cjs/loader:1456:15)
    at defaultResolveImpl (node:internal/modules/cjs/loader:1066:19)
    at resolveForCJSWithHooks (node:internal/modules/cjs/loader:1071:22)
    at Module._load (node:internal/modules/cjs/loader:1242:25)
    at wrapModuleLoad (node:internal/modules/cjs/loader:255:19)
    at Module.executeUserEntryPoint [as runMain] (node:internal/modules/run_main:154:5)
    at node:internal/main/run_main_module:33:47 {
  code: 'MODULE_NOT_FOUND',
  requireStack: []
}

Node.js v24.14.1
node:internal/modules/cjs/loader:1459
  throw err;
  ^

Error: Cannot find module '/Users/a111/Desktop/BarberFull/send-telegram-notifications.js'
    at Module._resolveFilename (node:internal/modules/cjs/loader:1456:15)
    at defaultResolveImpl (node:internal/modules/cjs/loader:1066:19)
    at resolveForCJSWithHooks (node:internal/modules/cjs/loader:1071:22)
    at Module._load (node:internal/modules/cjs/loader:1242:25)
    at wrapModuleLoad (node:internal/modules/cjs/loader:255:19)
    at Module.executeUserEntryPoint [as runMain] (node:internal/modules/run_main:154:5)
    at node:internal/main/run_main_module:33:47 {
  code: 'MODULE_NOT_FOUND',
  requireStack: []
}

Node.js v24.14.1
node:internal/modules/cjs/loader:1459
  throw err;
  ^

Error: Cannot find module '/Users/a111/Desktop/BarberFull/send-telegram-notifications.js'
    at Module._resolveFilename (node:internal/modules/cjs/loader:1456:15)
    at defaultResolveImpl (node:internal/modules/cjs/loader:1066:19)
    at resolveForCJSWithHooks (node:internal/modules/cjs/loader:1071:22)
    at Module._load (node:internal/modules/cjs/loader:1242:25)
    at wrapModuleLoad (node:internal/modules/cjs/loader:255:19)
    at Module.executeUserEntryPoint [as runMain] (node:internal/modules/run_main:154:5)
    at node:internal/main/run_main_module:33:47 {
  code: 'MODULE_NOT_FOUND',
  requireStack: []
}

Node.js v24.14.1
node:internal/modules/cjs/loader:1459
  throw err;
  ^

Error: Cannot find module '/Users/a111/Desktop/BarberFull/send-telegram-notifications.js'
    at Module._resolveFilename (node:internal/modules/cjs/loader:1456:15)
    at defaultResolveImpl (node:internal/modules/cjs/loader:1066:19)
    at resolveForCJSWithHooks (node:internal/modules/cjs/loader:1071:22)
    at Module._load (node:internal/modules/cjs/loader:1242:25)
    at wrapModuleLoad (node:internal/modules/cjs/loader:255:19)
    at Module.executeUserEntryPoint [as runMain] (node:internal/modules/run_main:154:5)
    at node:internal/main/run_main_module:33:47 {
  code: 'MODULE_NOT_FOUND',
  requireStack: []
}

Node.js v24.14.1
node:internal/modules/cjs/loader:1459
  throw err;
  ^

Error: Cannot find module '/Users/a111/Desktop/BarberFull/send-telegram-notifications.js'
    at Module._resolveFilename (node:internal/modules/cjs/loader:1456:15)
    at defaultResolveImpl (node:internal/modules/cjs/loader:1066:19)
    at resolveForCJSWithHooks (node:internal/modules/cjs/loader:1071:22)
    at Module._load (node:internal/modules/cjs/loader:1242:25)
    at wrapModuleLoad (node:internal/modules/cjs/loader:255:19)
    at Module.executeUserEntryPoint [as runMain] (node:internal/modules/run_main:154:5)
    at node:internal/main/run_main_module:33:47 {
  code: 'MODULE_NOT_FOUND',
  requireStack: []
}

Node.js v24.14.1
node:internal/modules/cjs/loader:1459
  throw err;
  ^

Error: Cannot find module '/Users/a111/Desktop/BarberFull/send-telegram-notifications.js'
    at Module._resolveFilename (node:internal/modules/cjs/loader:1456:15)
    at defaultResolveImpl (node:internal/modules/cjs/loader:1066:19)
    at resolveForCJSWithHooks (node:internal/modules/cjs/loader:1071:22)
    at Module._load (node:internal/modules/cjs/loader:1242:25)
    at wrapModuleLoad (node:internal/modules/cjs/loader:255:19)
    at Module.executeUserEntryPoint [as runMain] (node:internal/modules/run_main:154:5)
    at node:internal/main/run_main_module:33:47 {
  code: 'MODULE_NOT_FOUND',
  requireStack: []
}

Node.js v24.14.1
node:internal/modules/cjs/loader:1459
  throw err;
  ^

Error: Cannot find module '/Users/a111/Desktop/BarberFull/send-telegram-notifications.js'
    at Module._resolveFilename (node:internal/modules/cjs/loader:1456:15)
    at defaultResolveImpl (node:internal/modules/cjs/loader:1066:19)
    at resolveForCJSWithHooks (node:internal/modules/cjs/loader:1071:22)
    at Module._load (node:internal/modules/cjs/loader:1242:25)
    at wrapModuleLoad (node:internal/modules/cjs/loader:255:19)
    at Module.executeUserEntryPoint [as runMain] (node:internal/modules/run_main:154:5)
    at node:internal/main/run_main_module:33:47 {
  code: 'MODULE_NOT_FOUND',
  requireStack: []
}

Node.js v24.14.1
node:internal/modules/cjs/loader:1459
  throw err;
  ^

Error: Cannot find module '/Users/a111/Desktop/BarberFull/send-telegram-notifications.js'
    at Module._resolveFilename (node:internal/modules/cjs/loader:1456:15)
    at defaultResolveImpl (node:internal/modules/cjs/loader:1066:19)
    at resolveForCJSWithHooks (node:internal/modules/cjs/loader:1071:22)
    at Module._load (node:internal/modules/cjs/loader:1242:25)
    at wrapModuleLoad (node:internal/modules/cjs/loader:255:19)
    at Module.executeUserEntryPoint [as runMain] (node:internal/modules/run_main:154:5)
    at node:internal/main/run_main_module:33:47 {
  code: 'MODULE_NOT_FOUND',
  requireStack: []
}

Node.js v24.14.1
node:internal/modules/cjs/loader:1459
  throw err;
  ^

Error: Cannot find module '/Users/a111/Desktop/BarberFull/send-telegram-notifications.js'
    at Module._resolveFilename (node:internal/modules/cjs/loader:1456:15)
    at defaultResolveImpl (node:internal/modules/cjs/loader:1066:19)
    at resolveForCJSWithHooks (node:internal/modules/cjs/loader:1071:22)
    at Module._load (node:internal/modules/cjs/loader:1242:25)
    at wrapModuleLoad (node:internal/modules/cjs/loader:255:19)
    at Module.executeUserEntryPoint [as runMain] (node:internal/modules/run_main:154:5)
    at node:internal/main/run_main_module:33:47 {
  code: 'MODULE_NOT_FOUND',
  requireStack: []
}

Node.js v24.14.1
node:internal/modules/cjs/loader:1459
  throw err;
  ^

Error: Cannot find module '/Users/a111/Desktop/BarberFull/send-telegram-notifications.js'
    at Module._resolveFilename (node:internal/modules/cjs/loader:1456:15)
    at defaultResolveImpl (node:internal/modules/cjs/loader:1066:19)
    at resolveForCJSWithHooks (node:internal/modules/cjs/loader:1071:22)
    at Module._load (node:internal/modules/cjs/loader:1242:25)
    at wrapModuleLoad (node:internal/modules/cjs/loader:255:19)
    at Module.executeUserEntryPoint [as runMain] (node:internal/modules/run_main:154:5)
    at node:internal/main/run_main_module:33:47 {
  code: 'MODULE_NOT_FOUND',
  requireStack: []
}

Node.js v24.14.1
node:internal/modules/cjs/loader:1459
  throw err;
  ^

Error: Cannot find module '/Users/a111/Desktop/BarberFull/send-telegram-notifications.js'
    at Module._resolveFilename (node:internal/modules/cjs/loader:1456:15)
    at defaultResolveImpl (node:internal/modules/cjs/loader:1066:19)
    at resolveForCJSWithHooks (node:internal/modules/cjs/loader:1071:22)
    at Module._load (node:internal/modules/cjs/loader:1242:25)
    at wrapModuleLoad (node:internal/modules/cjs/loader:255:19)
    at Module.executeUserEntryPoint [as runMain] (node:internal/modules/run_main:154:5)
    at node:internal/main/run_main_module:33:47 {
  code: 'MODULE_NOT_FOUND',
  requireStack: []
}

Node.js v24.14.1
node:internal/modules/cjs/loader:1459
  throw err;
  ^

Error: Cannot find module '/Users/a111/Desktop/BarberFull/send-telegram-notifications.js'
    at Module._resolveFilename (node:internal/modules/cjs/loader:1456:15)
    at defaultResolveImpl (node:internal/modules/cjs/loader:1066:19)
    at resolveForCJSWithHooks (node:internal/modules/cjs/loader:1071:22)
    at Module._load (node:internal/modules/cjs/loader:1242:25)
    at wrapModuleLoad (node:internal/modules/cjs/loader:255:19)
    at Module.executeUserEntryPoint [as runMain] (node:internal/modules/run_main:154:5)
    at node:internal/main/run_main_module:33:47 {
  code: 'MODULE_NOT_FOUND',
  requireStack: []
}

Node.js v24.14.1
node:internal/modules/cjs/loader:1459
  throw err;
  ^

Error: Cannot find module '/Users/a111/Desktop/BarberFull/send-telegram-notifications.js'
    at Module._resolveFilename (node:internal/modules/cjs/loader:1456:15)
    at defaultResolveImpl (node:internal/modules/cjs/loader:1066:19)
    at resolveForCJSWithHooks (node:internal/modules/cjs/loader:1071:22)
    at Module._load (node:internal/modules/cjs/loader:1242:25)
    at wrapModuleLoad (node:internal/modules/cjs/loader:255:19)
    at Module.executeUserEntryPoint [as runMain] (node:internal/modules/run_main:154:5)
    at node:internal/main/run_main_module:33:47 {
  code: 'MODULE_NOT_FOUND',
  requireStack: []
}

Node.js v24.14.1
node:internal/modules/cjs/loader:1459
  throw err;
  ^

Error: Cannot find module '/Users/a111/Desktop/BarberFull/send-telegram-notifications.js'
    at Module._resolveFilename (node:internal/modules/cjs/loader:1456:15)
    at defaultResolveImpl (node:internal/modules/cjs/loader:1066:19)
    at resolveForCJSWithHooks (node:internal/modules/cjs/loader:1071:22)
    at Module._load (node:internal/modules/cjs/loader:1242:25)
    at wrapModuleLoad (node:internal/modules/cjs/loader:255:19)
    at Module.executeUserEntryPoint [as runMain] (node:internal/modules/run_main:154:5)
    at node:internal/main/run_main_module:33:47 {
  code: 'MODULE_NOT_FOUND',
  requireStack: []
}

Node.js v24.14.1
node:internal/modules/cjs/loader:1459
  throw err;
  ^

Error: Cannot find module '/Users/a111/Desktop/BarberFull/send-telegram-notifications.js'
    at Module._resolveFilename (node:internal/modules/cjs/loader:1456:15)
    at defaultResolveImpl (node:internal/modules/cjs/loader:1066:19)
    at resolveForCJSWithHooks (node:internal/modules/cjs/loader:1071:22)
    at Module._load (node:internal/modules/cjs/loader:1242:25)
    at wrapModuleLoad (node:internal/modules/cjs/loader:255:19)
    at Module.executeUserEntryPoint [as runMain] (node:internal/modules/run_main:154:5)
    at node:internal/main/run_main_module:33:47 {
  code: 'MODULE_NOT_FOUND',
  requireStack: []
}

Node.js v24.14.1
node:internal/modules/cjs/loader:1459
  throw err;
  ^

Error: Cannot find module '/Users/a111/Desktop/BarberFull/send-telegram-notifications.js'
    at Module._resolveFilename (node:internal/modules/cjs/loader:1456:15)
    at defaultResolveImpl (node:internal/modules/cjs/loader:1066:19)
    at resolveForCJSWithHooks (node:internal/modules/cjs/loader:1071:22)
    at Module._load (node:internal/modules/cjs/loader:1242:25)
    at wrapModuleLoad (node:internal/modules/cjs/loader:255:19)
    at Module.executeUserEntryPoint [as runMain] (node:internal/modules/run_main:154:5)
    at node:internal/main/run_main_module:33:47 {
  code: 'MODULE_NOT_FOUND',
  requireStack: []
}

Node.js v24.14.1
node:internal/modules/cjs/loader:1459
  throw err;
  ^

Error: Cannot find module '/Users/a111/Desktop/BarberFull/send-telegram-notifications.js'
    at Module._resolveFilename (node:internal/modules/cjs/loader:1456:15)
    at defaultResolveImpl (node:internal/modules/cjs/loader:1066:19)
    at resolveForCJSWithHooks (node:internal/modules/cjs/loader:1071:22)
    at Module._load (node:internal/modules/cjs/loader:1242:25)
    at wrapModuleLoad (node:internal/modules/cjs/loader:255:19)
    at Module.executeUserEntryPoint [as runMain] (node:internal/modules/run_main:154:5)
    at node:internal/main/run_main_module:33:47 {
  code: 'MODULE_NOT_FOUND',
  requireStack: []
}

Node.js v24.14.1
node:internal/modules/cjs/loader:1459
  throw err;
  ^

Error: Cannot find module '/Users/a111/Desktop/BarberFull/send-telegram-notifications.js'
    at Module._resolveFilename (node:internal/modules/cjs/loader:1456:15)
    at defaultResolveImpl (node:internal/modules/cjs/loader:1066:19)
    at resolveForCJSWithHooks (node:internal/modules/cjs/loader:1071:22)
    at Module._load (node:internal/modules/cjs/loader:1242:25)
    at wrapModuleLoad (node:internal/modules/cjs/loader:255:19)
    at Module.executeUserEntryPoint [as runMain] (node:internal/modules/run_main:154:5)
    at node:internal/main/run_main_module:33:47 {
  code: 'MODULE_NOT_FOUND',
  requireStack: []
}

Node.js v24.14.1
node:internal/modules/cjs/loader:1459
  throw err;
  ^

Error: Cannot find module '/Users/a111/Desktop/BarberFull/send-telegram-notifications.js'
    at Module._resolveFilename (node:internal/modules/cjs/loader:1456:15)
    at defaultResolveImpl (node:internal/modules/cjs/loader:1066:19)
    at resolveForCJSWithHooks (node:internal/modules/cjs/loader:1071:22)
    at Module._load (node:internal/modules/cjs/loader:1242:25)
    at wrapModuleLoad (node:internal/modules/cjs/loader:255:19)
    at Module.executeUserEntryPoint [as runMain] (node:internal/modules/run_main:154:5)
    at node:internal/main/run_main_module:33:47 {
  code: 'MODULE_NOT_FOUND',
  requireStack: []
}

Node.js v24.14.1
node:internal/modules/cjs/loader:1459
  throw err;
  ^

Error: Cannot find module '/Users/a111/Desktop/BarberFull/send-telegram-notifications.js'
    at Module._resolveFilename (node:internal/modules/cjs/loader:1456:15)
    at defaultResolveImpl (node:internal/modules/cjs/loader:1066:19)
    at resolveForCJSWithHooks (node:internal/modules/cjs/loader:1071:22)
    at Module._load (node:internal/modules/cjs/loader:1242:25)
    at wrapModuleLoad (node:internal/modules/cjs/loader:255:19)
    at Module.executeUserEntryPoint [as runMain] (node:internal/modules/run_main:154:5)
    at node:internal/main/run_main_module:33:47 {
  code: 'MODULE_NOT_FOUND',
  requireStack: []
}

Node.js v24.14.1
node:internal/modules/cjs/loader:1459
  throw err;
  ^

Error: Cannot find module '/Users/a111/Desktop/BarberFull/send-telegram-notifications.js'
    at Module._resolveFilename (node:internal/modules/cjs/loader:1456:15)
    at defaultResolveImpl (node:internal/modules/cjs/loader:1066:19)
    at resolveForCJSWithHooks (node:internal/modules/cjs/loader:1071:22)
    at Module._load (node:internal/modules/cjs/loader:1242:25)
    at wrapModuleLoad (node:internal/modules/cjs/loader:255:19)
    at Module.executeUserEntryPoint [as runMain] (node:internal/modules/run_main:154:5)
    at node:internal/main/run_main_module:33:47 {
  code: 'MODULE_NOT_FOUND',
  requireStack: []
}

Node.js v24.14.1
node:internal/modules/cjs/loader:1459
  throw err;
  ^

Error: Cannot find module '/Users/a111/Desktop/BarberFull/send-telegram-notifications.js'
    at Module._resolveFilename (node:internal/modules/cjs/loader:1456:15)
    at defaultResolveImpl (node:internal/modules/cjs/loader:1066:19)
    at resolveForCJSWithHooks (node:internal/modules/cjs/loader:1071:22)
    at Module._load (node:internal/modules/cjs/loader:1242:25)
    at wrapModuleLoad (node:internal/modules/cjs/loader:255:19)
    at Module.executeUserEntryPoint [as runMain] (node:internal/modules/run_main:154:5)
    at node:internal/main/run_main_module:33:47 {
  code: 'MODULE_NOT_FOUND',
  requireStack: []
}

Node.js v24.14.1
node:internal/modules/cjs/loader:1459
  throw err;
  ^

Error: Cannot find module '/Users/a111/Desktop/BarberFull/send-telegram-notifications.js'
    at Module._resolveFilename (node:internal/modules/cjs/loader:1456:15)
    at defaultResolveImpl (node:internal/modules/cjs/loader:1066:19)
    at resolveForCJSWithHooks (node:internal/modules/cjs/loader:1071:22)
    at Module._load (node:internal/modules/cjs/loader:1242:25)
    at wrapModuleLoad (node:internal/modules/cjs/loader:255:19)
    at Module.executeUserEntryPoint [as runMain] (node:internal/modules/run_main:154:5)
    at node:internal/main/run_main_module:33:47 {
  code: 'MODULE_NOT_FOUND',
  requireStack: []
}

Node.js v24.14.1
node:internal/modules/cjs/loader:1459
  throw err;
  ^

Error: Cannot find module '/Users/a111/Desktop/BarberFull/send-telegram-notifications.js'
    at Module._resolveFilename (node:internal/modules/cjs/loader:1456:15)
    at defaultResolveImpl (node:internal/modules/cjs/loader:1066:19)
    at resolveForCJSWithHooks (node:internal/modules/cjs/loader:1071:22)
    at Module._load (node:internal/modules/cjs/loader:1242:25)
    at wrapModuleLoad (node:internal/modules/cjs/loader:255:19)
    at Module.executeUserEntryPoint [as runMain] (node:internal/modules/run_main:154:5)
    at node:internal/main/run_main_module:33:47 {
  code: 'MODULE_NOT_FOUND',
  requireStack: []
}

Node.js v24.14.1
node:internal/modules/cjs/loader:1459
  throw err;
  ^

Error: Cannot find module '/Users/a111/Desktop/BarberFull/send-telegram-notifications.js'
    at Module._resolveFilename (node:internal/modules/cjs/loader:1456:15)
    at defaultResolveImpl (node:internal/modules/cjs/loader:1066:19)
    at resolveForCJSWithHooks (node:internal/modules/cjs/loader:1071:22)
    at Module._load (node:internal/modules/cjs/loader:1242:25)
    at wrapModuleLoad (node:internal/modules/cjs/loader:255:19)
    at Module.executeUserEntryPoint [as runMain] (node:internal/modules/run_main:154:5)
    at node:internal/main/run_main_module:33:47 {
  code: 'MODULE_NOT_FOUND',
  requireStack: []
}

Node.js v24.14.1
node:internal/modules/cjs/loader:1459
  throw err;
  ^

Error: Cannot find module '/Users/a111/Desktop/BarberFull/send-telegram-notifications.js'
    at Module._resolveFilename (node:internal/modules/cjs/loader:1456:15)
    at defaultResolveImpl (node:internal/modules/cjs/loader:1066:19)
    at resolveForCJSWithHooks (node:internal/modules/cjs/loader:1071:22)
    at Module._load (node:internal/modules/cjs/loader:1242:25)
    at wrapModuleLoad (node:internal/modules/cjs/loader:255:19)
    at Module.executeUserEntryPoint [as runMain] (node:internal/modules/run_main:154:5)
    at node:internal/main/run_main_module:33:47 {
  code: 'MODULE_NOT_FOUND',
  requireStack: []
}

Node.js v24.14.1
node:internal/modules/cjs/loader:1459
  throw err;
  ^

Error: Cannot find module '/Users/a111/Desktop/BarberFull/send-telegram-notifications.js'
    at Module._resolveFilename (node:internal/modules/cjs/loader:1456:15)
    at defaultResolveImpl (node:internal/modules/cjs/loader:1066:19)
    at resolveForCJSWithHooks (node:internal/modules/cjs/loader:1071:22)
    at Module._load (node:internal/modules/cjs/loader:1242:25)
    at wrapModuleLoad (node:internal/modules/cjs/loader:255:19)
    at Module.executeUserEntryPoint [as runMain] (node:internal/modules/run_main:154:5)
    at node:internal/main/run_main_module:33:47 {
  code: 'MODULE_NOT_FOUND',
  requireStack: []
}

Node.js v24.14.1
node:internal/modules/cjs/loader:1459
  throw err;
  ^

Error: Cannot find module '/Users/a111/Desktop/BarberFull/send-telegram-notifications.js'
    at Module._resolveFilename (node:internal/modules/cjs/loader:1456:15)
    at defaultResolveImpl (node:internal/modules/cjs/loader:1066:19)
    at resolveForCJSWithHooks (node:internal/modules/cjs/loader:1071:22)
    at Module._load (node:internal/modules/cjs/loader:1242:25)
    at wrapModuleLoad (node:internal/modules/cjs/loader:255:19)
    at Module.executeUserEntryPoint [as runMain] (node:internal/modules/run_main:154:5)
    at node:internal/main/run_main_module:33:47 {
  code: 'MODULE_NOT_FOUND',
  requireStack: []
}

Node.js v24.14.1
node:internal/modules/cjs/loader:1459
  throw err;
  ^

Error: Cannot find module '/Users/a111/Desktop/BarberFull/send-telegram-notifications.js'
    at Module._resolveFilename (node:internal/modules/cjs/loader:1456:15)
    at defaultResolveImpl (node:internal/modules/cjs/loader:1066:19)
    at resolveForCJSWithHooks (node:internal/modules/cjs/loader:1071:22)
    at Module._load (node:internal/modules/cjs/loader:1242:25)
    at wrapModuleLoad (node:internal/modules/cjs/loader:255:19)
    at Module.executeUserEntryPoint [as runMain] (node:internal/modules/run_main:154:5)
    at node:internal/main/run_main_module:33:47 {
  code: 'MODULE_NOT_FOUND',
  requireStack: []
}

Node.js v24.14.1
node:internal/modules/cjs/loader:1459
  throw err;
  ^

Error: Cannot find module '/Users/a111/Desktop/BarberFull/send-telegram-notifications.js'
    at Module._resolveFilename (node:internal/modules/cjs/loader:1456:15)
    at defaultResolveImpl (node:internal/modules/cjs/loader:1066:19)
    at resolveForCJSWithHooks (node:internal/modules/cjs/loader:1071:22)
    at Module._load (node:internal/modules/cjs/loader:1242:25)
    at wrapModuleLoad (node:internal/modules/cjs/loader:255:19)
    at Module.executeUserEntryPoint [as runMain] (node:internal/modules/run_main:154:5)
    at node:internal/main/run_main_module:33:47 {
  code: 'MODULE_NOT_FOUND',
  requireStack: []
}

Node.js v24.14.1
node:internal/modules/cjs/loader:1459
  throw err;
  ^

Error: Cannot find module '/Users/a111/Desktop/BarberFull/send-telegram-notifications.js'
    at Module._resolveFilename (node:internal/modules/cjs/loader:1456:15)
    at defaultResolveImpl (node:internal/modules/cjs/loader:1066:19)
    at resolveForCJSWithHooks (node:internal/modules/cjs/loader:1071:22)
    at Module._load (node:internal/modules/cjs/loader:1242:25)
    at wrapModuleLoad (node:internal/modules/cjs/loader:255:19)
    at Module.executeUserEntryPoint [as runMain] (node:internal/modules/run_main:154:5)
    at node:internal/main/run_main_module:33:47 {
  code: 'MODULE_NOT_FOUND',
  requireStack: []
}

Node.js v24.14.1
node:internal/modules/cjs/loader:1459
  throw err;
  ^

Error: Cannot find module '/Users/a111/Desktop/BarberFull/send-telegram-notifications.js'
    at Module._resolveFilename (node:internal/modules/cjs/loader:1456:15)
    at defaultResolveImpl (node:internal/modules/cjs/loader:1066:19)
    at resolveForCJSWithHooks (node:internal/modules/cjs/loader:1071:22)
    at Module._load (node:internal/modules/cjs/loader:1242:25)
    at wrapModuleLoad (node:internal/modules/cjs/loader:255:19)
    at Module.executeUserEntryPoint [as runMain] (node:internal/modules/run_main:154:5)
    at node:internal/main/run_main_module:33:47 {
  code: 'MODULE_NOT_FOUND',
  requireStack: []
}

Node.js v24.14.1
node:internal/modules/cjs/loader:1459
  throw err;
  ^

Error: Cannot find module '/Users/a111/Desktop/BarberFull/send-telegram-notifications.js'
    at Module._resolveFilename (node:internal/modules/cjs/loader:1456:15)
    at defaultResolveImpl (node:internal/modules/cjs/loader:1066:19)
    at resolveForCJSWithHooks (node:internal/modules/cjs/loader:1071:22)
    at Module._load (node:internal/modules/cjs/loader:1242:25)
    at wrapModuleLoad (node:internal/modules/cjs/loader:255:19)
    at Module.executeUserEntryPoint [as runMain] (node:internal/modules/run_main:154:5)
    at node:internal/main/run_main_module:33:47 {
  code: 'MODULE_NOT_FOUND',
  requireStack: []
}

Node.js v24.14.1
node:internal/modules/cjs/loader:1459
  throw err;
  ^

Error: Cannot find module '/Users/a111/Desktop/BarberFull/send-telegram-notifications.js'
    at Module._resolveFilename (node:internal/modules/cjs/loader:1456:15)
    at defaultResolveImpl (node:internal/modules/cjs/loader:1066:19)
    at resolveForCJSWithHooks (node:internal/modules/cjs/loader:1071:22)
    at Module._load (node:internal/modules/cjs/loader:1242:25)
    at wrapModuleLoad (node:internal/modules/cjs/loader:255:19)
    at Module.executeUserEntryPoint [as runMain] (node:internal/modules/run_main:154:5)
    at node:internal/main/run_main_module:33:47 {
  code: 'MODULE_NOT_FOUND',
  requireStack: []
}

Node.js v24.14.1
node:internal/modules/cjs/loader:1459
  throw err;
  ^

Error: Cannot find module '/Users/a111/Desktop/BarberFull/send-telegram-notifications.js'
    at Module._resolveFilename (node:internal/modules/cjs/loader:1456:15)
    at defaultResolveImpl (node:internal/modules/cjs/loader:1066:19)
    at resolveForCJSWithHooks (node:internal/modules/cjs/loader:1071:22)
    at Module._load (node:internal/modules/cjs/loader:1242:25)
    at wrapModuleLoad (node:internal/modules/cjs/loader:255:19)
    at Module.executeUserEntryPoint [as runMain] (node:internal/modules/run_main:154:5)
    at node:internal/main/run_main_module:33:47 {
  code: 'MODULE_NOT_FOUND',
  requireStack: []
}

Node.js v24.14.1
